C:\Users\anude\AppData\Local\Programs\Python\Python313\Lib\site-packages\pytest_asyncio\plugin.py:207: PytestDeprecationWarning: The configuration option "asyncio_default_fixture_loop_scope" is unset.
The event loop scope for asynchronous fixtures will default to the fixture caching scope. Future versions of pytest-asyncio will default the loop scope for asynchronous fixtures to function scope. Set the default fixture loop scope explicitly in order to avoid unexpected behavior in the future. Valid fixture loop scopes are: "function", "class", "module", "package", "session"

  warnings.warn(PytestDeprecationWarning(_DEFAULT_FIXTURE_LOOP_SCOPE_UNSET))
============================= test session starts =============================
platform win32 -- Python 3.13.1, pytest-8.3.4, pluggy-1.5.0 -- C:\Users\anude\AppData\Local\Programs\Python\Python313\python.exe
cachedir: .pytest_cache
rootdir: C:\Users\anude\Documents\GitHub\Decision-Support-System
plugins: anyio-4.7.0, Faker-40.1.2, langsmith-0.3.45, asyncio-0.25.3, cov-7.0.0, timeout-2.4.0
asyncio: mode=Mode.STRICT, asyncio_default_fixture_loop_scope=None
collecting ... collected 4 items

backend/tests/test_order_comparison.py::TestOrderComparatorDeterministic::test_regex_extraction FAILED [ 25%]
backend/tests/test_order_comparison.py::TestOrderComparatorDeterministic::test_deterministic_comparison FAILED [ 50%]
backend/tests/test_order_comparison.py::TestOrderComparatorDeterministic::test_llm_report_disabled_when_no_api_key PASSED [ 75%]
backend/tests/test_order_comparison.py::TestOrderComparatorDeterministic::test_llm_report_runs_if_api_key_present FAILED [100%]

================================== FAILURES ===================================
___________ TestOrderComparatorDeterministic.test_regex_extraction ____________

self = <test_order_comparison.TestOrderComparatorDeterministic object at 0x0000019B09DB4190>

    def test_regex_extraction(self):
        """Test that regex correctly extracts fields from unstructured text."""
        fields = extract_fields(MOCK_ORDER_TEXT)
        assert fields["order_number"] == "ORD-2026-999"
        assert fields["customer_name"] == "ACME Corp"
        assert fields["order_date"] == "2026-03-01"
>       assert len(fields["items"]) == 2
E       AssertionError: assert 3 == 2
E        +  where 3 = len([{'product_name': 'Order Number: ORD-', 'quantity': 202, 'total_price': 999.0, 'unit_price': 6.0}, {'product_name': 'Date Ordered:', 'quantity': 202, 'total_price': 3.0, 'unit_price': 6.0}, {'product_name': 'Delivery Date:', 'quantity': 202, 'total_price': 3.0, 'unit_price': 6.0}])

backend\tests\test_order_comparison.py:50: AssertionError
_______ TestOrderComparatorDeterministic.test_deterministic_comparison ________

self = <test_order_comparison.TestOrderComparatorDeterministic object at 0x0000019B09DB4A50>

    def test_deterministic_comparison(self):
        """Test full deterministic pipeline comparing order vs reference logic."""
        comparator = OrderComparator()
        result = comparator.compare(MOCK_ORDER_TEXT, MOCK_REFERENCE_TEXT)
    
        comp = result["comparison_result"]
    
        # Exact match (Order No)
        assert comp["order_level_comparison"]["order_number"]["status"] == "MATCH"
    
        # Similarity match (Customer)
>       assert comp["order_level_comparison"]["customer_name"]["status"] == "MATCH"
E       AssertionError: assert 'MISMATCH' == 'MATCH'
E         
E         - MATCH
E         + MISMATCH
E         ? +++

backend\tests\test_order_comparison.py:66: AssertionError
__ TestOrderComparatorDeterministic.test_llm_report_runs_if_api_key_present ___

args = (<test_order_comparison.TestOrderComparatorDeterministic object at 0x0000019B09DC88A0>,)
keywargs = {}

    @wraps(func)
    def patched(*args, **keywargs):
>       with self.decoration_helper(patched,
                                    args,
                                    keywargs) as (newargs, newkeywargs):

..\..\..\AppData\Local\Programs\Python\Python313\Lib\unittest\mock.py:1421: 
_ _ _ _ _ _ _ _ _ _ _ _ _ _ _ _ _ _ _ _ _ _ _ _ _ _ _ _ _ _ _ _ _ _ _ _ _ _ _ _
..\..\..\AppData\Local\Programs\Python\Python313\Lib\contextlib.py:141: in __enter__
    return next(self.gen)
..\..\..\AppData\Local\Programs\Python\Python313\Lib\unittest\mock.py:1403: in decoration_helper
    arg = exit_stack.enter_context(patching)
..\..\..\AppData\Local\Programs\Python\Python313\Lib\contextlib.py:530: in enter_context
    result = _enter(cm)
..\..\..\AppData\Local\Programs\Python\Python313\Lib\unittest\mock.py:1495: in __enter__
    original, local = self.get_original()
_ _ _ _ _ _ _ _ _ _ _ _ _ _ _ _ _ _ _ _ _ _ _ _ _ _ _ _ _ _ _ _ _ _ _ _ _ _ _ _

self = <unittest.mock._patch object at 0x0000019B09DA5010>

    def get_original(self):
        target = self.getter()
        name = self.attribute
    
        original = DEFAULT
        local = False
    
        try:
            original = target.__dict__[name]
        except (AttributeError, KeyError):
            original = getattr(target, name, DEFAULT)
        else:
            local = True
    
        if name in _builtins and isinstance(target, ModuleType):
            self.create = True
    
        if not self.create and original is DEFAULT:
>           raise AttributeError(
                "%s does not have the attribute %r" % (target, name)
            )
E           AttributeError: <module 'backend.ai.OrderComparator' from 'C:\\Users\\anude\\Documents\\GitHub\\Decision-Support-System\\backend\\ai\\OrderComparator.py'> does not have the attribute 'ChatOpenAI'

..\..\..\AppData\Local\Programs\Python\Python313\Lib\unittest\mock.py:1465: AttributeError
=========================== short test summary info ===========================
FAILED backend/tests/test_order_comparison.py::TestOrderComparatorDeterministic::test_regex_extraction
FAILED backend/tests/test_order_comparison.py::TestOrderComparatorDeterministic::test_deterministic_comparison
FAILED backend/tests/test_order_comparison.py::TestOrderComparatorDeterministic::test_llm_report_runs_if_api_key_present
========================= 3 failed, 1 passed in 0.39s =========================
